// Jest Snapshot v1, https://goo.gl/fbAQLP

exports[`ContentList gets data from the api 1`] = `
<el-row
  gutter="10"
>
  <el-col
    class="col"
    lg="6"
    md="8"
    sm="12"
    xl="6"
    xs="24"
  >
    <contentcard-stub
      content="[object Object]"
    />
  </el-col>
</el-row>
`;
